src/components/connection/ConnectionRequestCard.tsx(57,58): error TS2322: Type 'string | null | undefined' is not assignable to type 'string | undefined'.
  Type 'null' is not assignable to type 'string | undefined'.
src/components/layout/AdminSidebar.tsx(159,86): error TS2322: Type 'string | null | undefined' is not assignable to type 'string | undefined'.
  Type 'null' is not assignable to type 'string | undefined'.
src/components/layout/AdminSidebar.tsx(173,78): error TS2322: Type 'string | null | undefined' is not assignable to type 'string | undefined'.
  Type 'null' is not assignable to type 'string | undefined'.
src/components/layout/DashboardHeader.tsx(81,60): error TS2322: Type 'string | null | undefined' is not assignable to type 'string | undefined'.
  Type 'null' is not assignable to type 'string | undefined'.
src/components/layout/DashboardSidebar.tsx(226,66): error TS2322: Type 'string | null | undefined' is not assignable to type 'string | undefined'.
  Type 'null' is not assignable to type 'string | undefined'.
src/components/layout/DashboardSidebar.tsx(241,62): error TS2322: Type 'string | null | undefined' is not assignable to type 'string | undefined'.
  Type 'null' is not assignable to type 'string | undefined'.
src/components/lessons/LessonCard.tsx(27,21): error TS2531: Object is possibly 'null'.
src/components/lessons/LessonCard.tsx(31,38): error TS18047: 'a' is possibly 'null'.
src/components/quran/HafizPathMap.tsx(28,25): error TS2345: Argument of type 'Surah[]' is not assignable to parameter of type 'never'.
src/components/quran/HafizPathMap.tsx(44,32): error TS2339: Property 'map' does not exist on type 'never'.
src/components/quran/HafizPathMap.tsx(87,50): error TS2339: Property 'length' does not exist on type 'never'.
src/components/quran/HafizPathMap.tsx(100,75): error TS2339: Property 'length' does not exist on type 'never'.
src/components/students/StudentCard.tsx(8,15): error TS2459: Module '"@/hooks/useStudents"' declares 'Student' locally, but it is not exported.
src/components/tasks/TaskCard.tsx(15,15): error TS2305: Module '"@/types/database"' has no exported member 'Task'.
src/components/teacher/TeacherStatusToggle.tsx(14,15): error TS2305: Module '"@/types/database"' has no exported member 'AvailabilityStatus'.
src/components/teacher/TeacherStatusToggle.tsx(28,56): error TS2339: Property 'availability_status' does not exist on type 'Teacher'.
src/components/teacher/TeacherStatusToggle.tsx(38,27): error TS2353: Object literal may only specify known properties, and 'availability_status' does not exist in type '{ bio?: string | null | undefined; created_at?: string | undefined; employee_id?: string | null | undefined; hire_date?: string | null | undefined; id?: string | undefined; is_profile_hidden?: boolean | ... 1 more ... | undefined; ... 8 more ...; verification_notes?: string | ... 1 more ... | undefined; }'.
src/contexts/AuthContext.tsx(337,35): error TS2345: Argument of type '"parent"' is not assignable to parameter of type 'AppRole'.
src/contexts/RealtimeContext.tsx(100,37): error TS2339: Property 'key' does not exist on type '{} | { description: string | null; key: string; updated_at: string | null; value: string; }'.
  Property 'key' does not exist on type '{}'.
src/contexts/RealtimeContext.tsx(101,58): error TS2339: Property 'value' does not exist on type '{} | { description: string | null; key: string; updated_at: string | null; value: string; }'.
  Property 'value' does not exist on type '{}'.
src/contexts/RealtimeContext.tsx(102,41): error TS2339: Property 'value' does not exist on type '{} | { description: string | null; key: string; updated_at: string | null; value: string; }'.
  Property 'value' does not exist on type '{}'.
src/hooks/useCommunication.ts(27,20): error TS2339: Property 'title' does not exist on type '{ admin_response: string | null; attachments: string[] | null; created_at: string; description: string; id: string; status: "open" | "under_review" | "resolved" | "closed" | null; subject: string; teacher_id: string; updated_at: string; }'.
src/hooks/useCommunication.ts(40,11): error TS2769: No overload matches this call.
  Overload 1 of 2, '(values: { admin_response?: string | null | undefined; attachments?: string[] | null | undefined; created_at?: string | undefined; description: string; id?: string | undefined; status?: "open" | ... 4 more ... | undefined; subject: string; teacher_id: string; updated_at?: string | undefined; }, options?: { ...; } | undefined): PostgrestFilterBuilder<...>', gave the following error.
    Object literal may only specify known properties, and 'title' does not exist in type '{ admin_response?: string | null | undefined; attachments?: string[] | null | undefined; created_at?: string | undefined; description: string; id?: string | undefined; status?: "open" | ... 4 more ... | undefined; subject: string; teacher_id: string; updated_at?: string | undefined; }'.
  Overload 2 of 2, '(values: { admin_response?: string | null | undefined; attachments?: string[] | null | undefined; created_at?: string | undefined; description: string; id?: string | undefined; status?: "open" | ... 4 more ... | undefined; subject: string; teacher_id: string; updated_at?: string | undefined; }[], options?: { ...; } | undefined): PostgrestFilterBuilder<...>', gave the following error.
    Object literal may only specify known properties, and 'title' does not exist in type '{ admin_response?: string | null | undefined; attachments?: string[] | null | undefined; created_at?: string | undefined; description: string; id?: string | undefined; status?: "open" | ... 4 more ... | undefined; subject: string; teacher_id: string; updated_at?: string | undefined; }[]'.
src/hooks/useConnectionRequests.ts(33,14): error TS2352: Conversion of type '{ created_at: string; id: string; initiated_by_role: string | null; message: string | null; responded_at: string | null; status: "accepted" | "rejected" | "pending"; student_id: string; teacher_id: string; student: { ...; }; }[]' to type 'ConnectionRequest[]' may be a mistake because neither type sufficiently overlaps with the other. If this was intentional, convert the expression to 'unknown' first.
  Type '{ created_at: string; id: string; initiated_by_role: string | null; message: string | null; responded_at: string | null; status: "accepted" | "rejected" | "pending"; student_id: string; teacher_id: string; student: { ...; }; }' is not comparable to type 'ConnectionRequest'.
    Types of property 'student' are incompatible.
      Type '{ id: string; full_name: string; course_level: string | null; profile: { email: string; avatar_url: string | null; country: string | null; }[]; }' is missing the following properties from type 'Student': user_id, teacher_id, parent_id, email, and 22 more.
src/hooks/useDocuments.ts(67,34): error TS2339: Property 'category' does not exist on type 'Instruction'.
src/hooks/useIncomingCall.ts(158,42): error TS2769: No overload matches this call.
  Overload 1 of 2, '(values: { class_id: string; event: "initiated" | "ringing" | "accepted" | "rejected" | "failed" | "connected" | "disconnected" | "timeout"; id?: string | undefined; metadata?: Json | undefined; ... 4 more ...; timestamp?: string | undefined; }, options?: { ...; } | undefined): PostgrestFilterBuilder<...>', gave the following error.
    Argument of type '{ class_id: string; teacher_id: string; student_id: string | undefined; event: string; room_id: string; room_url: string; }[]' is not assignable to parameter of type '{ class_id: string; event: "initiated" | "ringing" | "accepted" | "rejected" | "failed" | "connected" | "disconnected" | "timeout"; id?: string | undefined; metadata?: Json | undefined; ... 4 more ...; timestamp?: string | undefined; }'.
      Type '{ class_id: string; teacher_id: string; student_id: string | undefined; event: string; room_id: string; room_url: string; }[]' is missing the following properties from type '{ class_id: string; event: "initiated" | "ringing" | "accepted" | "rejected" | "failed" | "connected" | "disconnected" | "timeout"; id?: string | undefined; metadata?: Json | undefined; ... 4 more ...; timestamp?: string | undefined; }': class_id, event, student_id, teacher_id
  Overload 2 of 2, '(values: { class_id: string; event: "initiated" | "ringing" | "accepted" | "rejected" | "failed" | "connected" | "disconnected" | "timeout"; id?: string | undefined; metadata?: Json | undefined; ... 4 more ...; timestamp?: string | undefined; }[], options?: { ...; } | undefined): PostgrestFilterBuilder<...>', gave the following error.
    Type 'string | undefined' is not assignable to type 'string'.
      Type 'undefined' is not assignable to type 'string'.
src/hooks/useStudentConnection.ts(101,27): error TS2345: Argument of type 'string | undefined' is not assignable to parameter of type 'string'.
  Type 'undefined' is not assignable to type 'string'.
src/hooks/useStudentVideoCall.ts(60,42): error TS2769: No overload matches this call.
  Overload 1 of 2, '(values: { class_id: string; event: "initiated" | "ringing" | "accepted" | "rejected" | "failed" | "connected" | "disconnected" | "timeout"; id?: string | undefined; metadata?: Json | undefined; ... 4 more ...; timestamp?: string | undefined; }, options?: { ...; } | undefined): PostgrestFilterBuilder<...>', gave the following error.
    Object literal may only specify known properties, and 'user_id' does not exist in type '{ class_id: string; event: "initiated" | "ringing" | "accepted" | "rejected" | "failed" | "connected" | "disconnected" | "timeout"; id?: string | undefined; metadata?: Json | undefined; ... 4 more ...; timestamp?: string | undefined; }'.
  Overload 2 of 2, '(values: { class_id: string; event: "initiated" | "ringing" | "accepted" | "rejected" | "failed" | "connected" | "disconnected" | "timeout"; id?: string | undefined; metadata?: Json | undefined; ... 4 more ...; timestamp?: string | undefined; }[], options?: { ...; } | undefined): PostgrestFilterBuilder<...>', gave the following error.
    Object literal may only specify known properties, and 'class_id' does not exist in type '{ class_id: string; event: "initiated" | "ringing" | "accepted" | "rejected" | "failed" | "connected" | "disconnected" | "timeout"; id?: string | undefined; metadata?: Json | undefined; ... 4 more ...; timestamp?: string | undefined; }[]'.
src/hooks/useVideoCall.ts(58,40): error TS2769: No overload matches this call.
  Overload 1 of 2, '(values: { class_id: string; event: "initiated" | "ringing" | "accepted" | "rejected" | "failed" | "connected" | "disconnected" | "timeout"; id?: string | undefined; metadata?: Json | undefined; ... 4 more ...; timestamp?: string | undefined; }, options?: { ...; } | undefined): PostgrestFilterBuilder<...>', gave the following error.
    Object literal may only specify known properties, and 'user_id' does not exist in type '{ class_id: string; event: "initiated" | "ringing" | "accepted" | "rejected" | "failed" | "connected" | "disconnected" | "timeout"; id?: string | undefined; metadata?: Json | undefined; ... 4 more ...; timestamp?: string | undefined; }'.
  Overload 2 of 2, '(values: { class_id: string; event: "initiated" | "ringing" | "accepted" | "rejected" | "failed" | "connected" | "disconnected" | "timeout"; id?: string | undefined; metadata?: Json | undefined; ... 4 more ...; timestamp?: string | undefined; }[], options?: { ...; } | undefined): PostgrestFilterBuilder<...>', gave the following error.
    Object literal may only specify known properties, and 'class_id' does not exist in type '{ class_id: string; event: "initiated" | "ringing" | "accepted" | "rejected" | "failed" | "connected" | "disconnected" | "timeout"; id?: string | undefined; metadata?: Json | undefined; ... 4 more ...; timestamp?: string | undefined; }[]'.
src/hooks/useVideoCall.ts(115,9): error TS2578: Unused '@ts-expect-error' directive.
src/pages/admin/AdminDashboard.tsx(67,33): error TS2352: Conversion of type '{ amount: number; created_at: string; currency: string; id: string; metadata: Json; method: string | null; status: "failed" | "completed" | "cancelled" | "pending" | "refunded"; student_id: string | null; transaction_id: string | null; }[]' to type 'Payment[]' may be a mistake because neither type sufficiently overlaps with the other. If this was intentional, convert the expression to 'unknown' first.
  Property 'payment_method' is missing in type '{ amount: number; created_at: string; currency: string; id: string; metadata: Json; method: string | null; status: "failed" | "completed" | "cancelled" | "pending" | "refunded"; student_id: string | null; transaction_id: string | null; }' but required in type 'Payment'.
src/pages/admin/AdminMessages.tsx(56,48): error TS2339: Property 'receiver' does not exist on type 'Message'.
src/pages/admin/AdminMessages.tsx(134,18): error TS2769: No overload matches this call.
  Overload 1 of 2, '(values: { attachment_url?: string | null | undefined; content: string; created_at?: string | undefined; id?: string | undefined; is_read?: boolean | null | undefined; read_at?: string | null | undefined; recipient_id: string; sender_id: string; updated_at?: string | undefined; }, options?: { ...; } | undefined): PostgrestFilterBuilder<...>', gave the following error.
    Object literal may only specify known properties, and 'receiver_id' does not exist in type '{ attachment_url?: string | null | undefined; content: string; created_at?: string | undefined; id?: string | undefined; is_read?: boolean | null | undefined; read_at?: string | null | undefined; recipient_id: string; sender_id: string; updated_at?: string | undefined; }'.
  Overload 2 of 2, '(values: { attachment_url?: string | null | undefined; content: string; created_at?: string | undefined; id?: string | undefined; is_read?: boolean | null | undefined; read_at?: string | null | undefined; recipient_id: string; sender_id: string; updated_at?: string | undefined; }[], options?: { ...; } | undefined): PostgrestFilterBuilder<...>', gave the following error.
    Object literal may only specify known properties, and 'sender_id' does not exist in type '{ attachment_url?: string | null | undefined; content: string; created_at?: string | undefined; id?: string | undefined; is_read?: boolean | null | undefined; read_at?: string | null | undefined; recipient_id: string; sender_id: string; updated_at?: string | undefined; }[]'.
src/pages/admin/AdminPayments.tsx(53,47): error TS2769: No overload matches this call.
  Overload 1 of 2, '(predicate: (value: { amount: number; created_at: string; currency: string | null; id: string; invoice_id: string | null; payment_method: "other" | "stripe" | "paypal" | "bank_transfer" | "cash" | null; ... 5 more ...; invoice: { ...; } | null; }, index: number, array: { ...; }[]) => value is { ...; }, thisArg?: any): { ...; }[] | undefined', gave the following error.
    Argument of type '(payment: Transaction) => boolean' is not assignable to parameter of type '(value: { amount: number; created_at: string; currency: string | null; id: string; invoice_id: string | null; payment_method: "other" | "stripe" | "paypal" | "bank_transfer" | "cash" | null; ... 5 more ...; invoice: { ...; } | null; }, index: number, array: { ...; }[]) => value is { ...; }'.
      Types of parameters 'payment' and 'value' are incompatible.
        Type '{ amount: number; created_at: string; currency: string | null; id: string; invoice_id: string | null; payment_method: "other" | "stripe" | "paypal" | "bank_transfer" | "cash" | null; ... 5 more ...; invoice: { ...; } | null; }' is not assignable to type 'Transaction'.
          Types of property 'currency' are incompatible.
            Type 'string | null' is not assignable to type 'string'.
              Type 'null' is not assignable to type 'string'.
  Overload 2 of 2, '(predicate: (value: { amount: number; created_at: string; currency: string | null; id: string; invoice_id: string | null; payment_method: "other" | "stripe" | "paypal" | "bank_transfer" | "cash" | null; ... 5 more ...; invoice: { ...; } | null; }, index: number, array: { ...; }[]) => unknown, thisArg?: any): { ...; }[] | undefined', gave the following error.
    Argument of type '(payment: Transaction) => boolean' is not assignable to parameter of type '(value: { amount: number; created_at: string; currency: string | null; id: string; invoice_id: string | null; payment_method: "other" | "stripe" | "paypal" | "bank_transfer" | "cash" | null; ... 5 more ...; invoice: { ...; } | null; }, index: number, array: { ...; }[]) => unknown'.
      Types of parameters 'payment' and 'value' are incompatible.
        Type '{ amount: number; created_at: string; currency: string | null; id: string; invoice_id: string | null; payment_method: "other" | "stripe" | "paypal" | "bank_transfer" | "cash" | null; ... 5 more ...; invoice: { ...; } | null; }' is not assignable to type 'Transaction'.
          Types of property 'currency' are incompatible.
            Type 'string | null' is not assignable to type 'string'.
              Type 'null' is not assignable to type 'string'.
src/pages/admin/AdminPayments.tsx(68,21): error TS2769: No overload matches this call.
  Overload 1 of 2, '(predicate: (value: { amount: number; created_at: string; currency: string | null; id: string; invoice_id: string | null; payment_method: "other" | "stripe" | "paypal" | "bank_transfer" | "cash" | null; ... 5 more ...; invoice: { ...; } | null; }, index: number, array: { ...; }[]) => value is { ...; }, thisArg?: any): { ...; }[]', gave the following error.
    Argument of type '(p: Transaction) => boolean' is not assignable to parameter of type '(value: { amount: number; created_at: string; currency: string | null; id: string; invoice_id: string | null; payment_method: "other" | "stripe" | "paypal" | "bank_transfer" | "cash" | null; ... 5 more ...; invoice: { ...; } | null; }, index: number, array: { ...; }[]) => value is { ...; }'.
      Types of parameters 'p' and 'value' are incompatible.
        Type '{ amount: number; created_at: string; currency: string | null; id: string; invoice_id: string | null; payment_method: "other" | "stripe" | "paypal" | "bank_transfer" | "cash" | null; ... 5 more ...; invoice: { ...; } | null; }' is not assignable to type 'Transaction'.
          Types of property 'currency' are incompatible.
            Type 'string | null' is not assignable to type 'string'.
              Type 'null' is not assignable to type 'string'.
  Overload 2 of 2, '(predicate: (value: { amount: number; created_at: string; currency: string | null; id: string; invoice_id: string | null; payment_method: "other" | "stripe" | "paypal" | "bank_transfer" | "cash" | null; ... 5 more ...; invoice: { ...; } | null; }, index: number, array: { ...; }[]) => unknown, thisArg?: any): { ...; }[]', gave the following error.
    Argument of type '(p: Transaction) => boolean' is not assignable to parameter of type '(value: { amount: number; created_at: string; currency: string | null; id: string; invoice_id: string | null; payment_method: "other" | "stripe" | "paypal" | "bank_transfer" | "cash" | null; ... 5 more ...; invoice: { ...; } | null; }, index: number, array: { ...; }[]) => unknown'.
      Types of parameters 'p' and 'value' are incompatible.
        Type '{ amount: number; created_at: string; currency: string | null; id: string; invoice_id: string | null; payment_method: "other" | "stripe" | "paypal" | "bank_transfer" | "cash" | null; ... 5 more ...; invoice: { ...; } | null; }' is not assignable to type 'Transaction'.
          Types of property 'currency' are incompatible.
            Type 'string | null' is not assignable to type 'string'.
              Type 'null' is not assignable to type 'string'.
src/pages/admin/AdminPayments.tsx(68,41): error TS2367: This comparison appears to be unintentional because the types '"failed" | "completed" | "cancelled" | "pending" | "refunded"' and '"paid"' have no overlap.
src/pages/admin/AdminPayments.tsx(69,21): error TS2769: No overload matches this call.
  Overload 1 of 3, '(callbackfn: (previousValue: { amount: number; created_at: string; currency: string | null; id: string; invoice_id: string | null; payment_method: "other" | "stripe" | "paypal" | "bank_transfer" | "cash" | null; ... 5 more ...; invoice: { ...; } | null; }, currentValue: { ...; }, currentIndex: number, array: { ...; }[]) => { ...; }, initialValue: { ...; }): { ...; }', gave the following error.
    Argument of type '(acc: number, curr: Transaction) => number' is not assignable to parameter of type '(previousValue: { amount: number; created_at: string; currency: string | null; id: string; invoice_id: string | null; payment_method: "other" | "stripe" | "paypal" | "bank_transfer" | "cash" | null; ... 5 more ...; invoice: { ...; } | null; }, currentValue: { ...; }, currentIndex: number, array: { ...; }[]) => { ......'.
      Types of parameters 'acc' and 'previousValue' are incompatible.
        Type '{ amount: number; created_at: string; currency: string | null; id: string; invoice_id: string | null; payment_method: "other" | "stripe" | "paypal" | "bank_transfer" | "cash" | null; ... 5 more ...; invoice: { ...; } | null; }' is not assignable to type 'number'.
  Overload 2 of 3, '(callbackfn: (previousValue: number, currentValue: { amount: number; created_at: string; currency: string | null; id: string; invoice_id: string | null; payment_method: "other" | "stripe" | "paypal" | "bank_transfer" | "cash" | null; ... 5 more ...; invoice: { ...; } | null; }, currentIndex: number, array: { ...; }[]) => number, initialValue: number): number', gave the following error.
    Argument of type '(acc: number, curr: Transaction) => number' is not assignable to parameter of type '(previousValue: number, currentValue: { amount: number; created_at: string; currency: string | null; id: string; invoice_id: string | null; payment_method: "other" | "stripe" | "paypal" | "bank_transfer" | "cash" | null; ... 5 more ...; invoice: { ...; } | null; }, currentIndex: number, array: { ...; }[]) => number'.
      Types of parameters 'curr' and 'currentValue' are incompatible.
        Type '{ amount: number; created_at: string; currency: string | null; id: string; invoice_id: string | null; payment_method: "other" | "stripe" | "paypal" | "bank_transfer" | "cash" | null; ... 5 more ...; invoice: { ...; } | null; }' is not assignable to type 'Transaction'.
          Types of property 'currency' are incompatible.
            Type 'string | null' is not assignable to type 'string'.
              Type 'null' is not assignable to type 'string'.
src/pages/admin/AdminPayments.tsx(71,21): error TS2769: No overload matches this call.
  Overload 1 of 2, '(predicate: (value: { amount: number; created_at: string; currency: string | null; id: string; invoice_id: string | null; payment_method: "other" | "stripe" | "paypal" | "bank_transfer" | "cash" | null; ... 5 more ...; invoice: { ...; } | null; }, index: number, array: { ...; }[]) => value is { ...; }, thisArg?: any): { ...; }[]', gave the following error.
    Argument of type '(p: Transaction) => boolean' is not assignable to parameter of type '(value: { amount: number; created_at: string; currency: string | null; id: string; invoice_id: string | null; payment_method: "other" | "stripe" | "paypal" | "bank_transfer" | "cash" | null; ... 5 more ...; invoice: { ...; } | null; }, index: number, array: { ...; }[]) => value is { ...; }'.
      Types of parameters 'p' and 'value' are incompatible.
        Type '{ amount: number; created_at: string; currency: string | null; id: string; invoice_id: string | null; payment_method: "other" | "stripe" | "paypal" | "bank_transfer" | "cash" | null; ... 5 more ...; invoice: { ...; } | null; }' is not assignable to type 'Transaction'.
          Types of property 'currency' are incompatible.
            Type 'string | null' is not assignable to type 'string'.
              Type 'null' is not assignable to type 'string'.
  Overload 2 of 2, '(predicate: (value: { amount: number; created_at: string; currency: string | null; id: string; invoice_id: string | null; payment_method: "other" | "stripe" | "paypal" | "bank_transfer" | "cash" | null; ... 5 more ...; invoice: { ...; } | null; }, index: number, array: { ...; }[]) => unknown, thisArg?: any): { ...; }[]', gave the following error.
    Argument of type '(p: Transaction) => boolean' is not assignable to parameter of type '(value: { amount: number; created_at: string; currency: string | null; id: string; invoice_id: string | null; payment_method: "other" | "stripe" | "paypal" | "bank_transfer" | "cash" | null; ... 5 more ...; invoice: { ...; } | null; }, index: number, array: { ...; }[]) => unknown'.
      Types of parameters 'p' and 'value' are incompatible.
        Type '{ amount: number; created_at: string; currency: string | null; id: string; invoice_id: string | null; payment_method: "other" | "stripe" | "paypal" | "bank_transfer" | "cash" | null; ... 5 more ...; invoice: { ...; } | null; }' is not assignable to type 'Transaction'.
          Types of property 'currency' are incompatible.
            Type 'string | null' is not assignable to type 'string'.
              Type 'null' is not assignable to type 'string'.
src/pages/admin/AdminPayments.tsx(72,21): error TS2769: No overload matches this call.
  Overload 1 of 3, '(callbackfn: (previousValue: { amount: number; created_at: string; currency: string | null; id: string; invoice_id: string | null; payment_method: "other" | "stripe" | "paypal" | "bank_transfer" | "cash" | null; ... 5 more ...; invoice: { ...; } | null; }, currentValue: { ...; }, currentIndex: number, array: { ...; }[]) => { ...; }, initialValue: { ...; }): { ...; }', gave the following error.
    Argument of type '(acc: number, curr: Transaction) => number' is not assignable to parameter of type '(previousValue: { amount: number; created_at: string; currency: string | null; id: string; invoice_id: string | null; payment_method: "other" | "stripe" | "paypal" | "bank_transfer" | "cash" | null; ... 5 more ...; invoice: { ...; } | null; }, currentValue: { ...; }, currentIndex: number, array: { ...; }[]) => { ......'.
      Types of parameters 'acc' and 'previousValue' are incompatible.
        Type '{ amount: number; created_at: string; currency: string | null; id: string; invoice_id: string | null; payment_method: "other" | "stripe" | "paypal" | "bank_transfer" | "cash" | null; ... 5 more ...; invoice: { ...; } | null; }' is not assignable to type 'number'.
  Overload 2 of 3, '(callbackfn: (previousValue: number, currentValue: { amount: number; created_at: string; currency: string | null; id: string; invoice_id: string | null; payment_method: "other" | "stripe" | "paypal" | "bank_transfer" | "cash" | null; ... 5 more ...; invoice: { ...; } | null; }, currentIndex: number, array: { ...; }[]) => number, initialValue: number): number', gave the following error.
    Argument of type '(acc: number, curr: Transaction) => number' is not assignable to parameter of type '(previousValue: number, currentValue: { amount: number; created_at: string; currency: string | null; id: string; invoice_id: string | null; payment_method: "other" | "stripe" | "paypal" | "bank_transfer" | "cash" | null; ... 5 more ...; invoice: { ...; } | null; }, currentIndex: number, array: { ...; }[]) => number'.
      Types of parameters 'curr' and 'currentValue' are incompatible.
        Type '{ amount: number; created_at: string; currency: string | null; id: string; invoice_id: string | null; payment_method: "other" | "stripe" | "paypal" | "bank_transfer" | "cash" | null; ... 5 more ...; invoice: { ...; } | null; }' is not assignable to type 'Transaction'.
          Types of property 'currency' are incompatible.
            Type 'string | null' is not assignable to type 'string'.
              Type 'null' is not assignable to type 'string'.
src/pages/admin/AdminPayments.tsx(73,46): error TS2769: No overload matches this call.
  Overload 1 of 2, '(predicate: (value: { amount: number; created_at: string; currency: string | null; id: string; invoice_id: string | null; payment_method: "other" | "stripe" | "paypal" | "bank_transfer" | "cash" | null; ... 5 more ...; invoice: { ...; } | null; }, index: number, array: { ...; }[]) => value is { ...; }, thisArg?: any): { ...; }[]', gave the following error.
    Argument of type '(p: Transaction) => boolean' is not assignable to parameter of type '(value: { amount: number; created_at: string; currency: string | null; id: string; invoice_id: string | null; payment_method: "other" | "stripe" | "paypal" | "bank_transfer" | "cash" | null; ... 5 more ...; invoice: { ...; } | null; }, index: number, array: { ...; }[]) => value is { ...; }'.
      Types of parameters 'p' and 'value' are incompatible.
        Type '{ amount: number; created_at: string; currency: string | null; id: string; invoice_id: string | null; payment_method: "other" | "stripe" | "paypal" | "bank_transfer" | "cash" | null; ... 5 more ...; invoice: { ...; } | null; }' is not assignable to type 'Transaction'.
          Types of property 'currency' are incompatible.
            Type 'string | null' is not assignable to type 'string'.
              Type 'null' is not assignable to type 'string'.
  Overload 2 of 2, '(predicate: (value: { amount: number; created_at: string; currency: string | null; id: string; invoice_id: string | null; payment_method: "other" | "stripe" | "paypal" | "bank_transfer" | "cash" | null; ... 5 more ...; invoice: { ...; } | null; }, index: number, array: { ...; }[]) => unknown, thisArg?: any): { ...; }[]', gave the following error.
    Argument of type '(p: Transaction) => boolean' is not assignable to parameter of type '(value: { amount: number; created_at: string; currency: string | null; id: string; invoice_id: string | null; payment_method: "other" | "stripe" | "paypal" | "bank_transfer" | "cash" | null; ... 5 more ...; invoice: { ...; } | null; }, index: number, array: { ...; }[]) => unknown'.
      Types of parameters 'p' and 'value' are incompatible.
        Type '{ amount: number; created_at: string; currency: string | null; id: string; invoice_id: string | null; payment_method: "other" | "stripe" | "paypal" | "bank_transfer" | "cash" | null; ... 5 more ...; invoice: { ...; } | null; }' is not assignable to type 'Transaction'.
          Types of property 'currency' are incompatible.
            Type 'string | null' is not assignable to type 'string'.
              Type 'null' is not assignable to type 'string'.
src/pages/admin/AdminPayments.tsx(210,58): error TS2345: Argument of type '(payment: Transaction) => JSX.Element' is not assignable to parameter of type '(value: { amount: number; created_at: string; currency: string | null; id: string; invoice_id: string | null; payment_method: "other" | "stripe" | "paypal" | "bank_transfer" | "cash" | null; ... 5 more ...; invoice: { ...; } | null; }, index: number, array: { ...; }[]) => Element'.
  Types of parameters 'payment' and 'value' are incompatible.
    Type '{ amount: number; created_at: string; currency: string | null; id: string; invoice_id: string | null; payment_method: "other" | "stripe" | "paypal" | "bank_transfer" | "cash" | null; ... 5 more ...; invoice: { ...; } | null; }' is not assignable to type 'Transaction'.
      Types of property 'currency' are incompatible.
        Type 'string | null' is not assignable to type 'string'.
          Type 'null' is not assignable to type 'string'.
src/pages/admin/AdminSalaries.tsx(36,11): error TS2430: Interface 'SalaryWithTeacher' incorrectly extends interface 'SalaryRecord'.
  Types of property 'teacher' are incompatible.
    Type '{ id: string; profile: { full_name: string | null; avatar_url: string | null; } | null; } | null' is not assignable to type 'Teacher | undefined'.
      Type 'null' is not assignable to type 'Teacher | undefined'.
src/pages/admin/AdminSchedule.tsx(32,44): error TS2345: Argument of type 'string' is not assignable to parameter of type 'NonNullable<"no_answer" | "scheduled" | "in_progress" | "completed" | "missed" | "cancelled" | "on_leave" | null>'.
src/pages/admin/AdminSchedule.tsx(161,127): error TS2538: Type 'null' cannot be used as an index type.
src/pages/admin/AdminSchedule.tsx(162,50): error TS18047: 'cls.status' is possibly 'null'.
src/pages/admin/AdminStudents.tsx(459,70): error TS2322: Type 'string | null' is not assignable to type 'string | undefined'.
  Type 'null' is not assignable to type 'string | undefined'.
src/pages/admin/AdminTeachers.tsx(85,25): error TS2345: Argument of type 'Partial<Teacher>' is not assignable to parameter of type '{ bio?: string | null | undefined; created_at?: string | undefined; employee_id?: string | null | undefined; hire_date?: string | null | undefined; id?: string | undefined; is_profile_hidden?: boolean | ... 1 more ... | undefined; ... 8 more ...; verification_notes?: string | ... 1 more ... | undefined; }'.
  Types of property 'user_id' are incompatible.
    Type 'string | null | undefined' is not assignable to type 'string | undefined'.
      Type 'null' is not assignable to type 'string | undefined'.
src/pages/admin/AdminTeachers.tsx(237,74): error TS2322: Type 'string | null' is not assignable to type 'string | undefined'.
  Type 'null' is not assignable to type 'string | undefined'.
src/pages/admin/Logs.tsx(30,20): error TS2352: Conversion of type '{ action: string; admin_id: string | null; created_at: string; details: Json; id: string; ip_address: unknown; target_resource: string | null; }[]' to type 'AuditLog[]' may be a mistake because neither type sufficiently overlaps with the other. If this was intentional, convert the expression to 'unknown' first.
  Type '{ action: string; admin_id: string | null; created_at: string; details: Json; id: string; ip_address: unknown; target_resource: string | null; }' is missing the following properties from type 'AuditLog': table_name, record_id, operation, old_data, and 2 more.
src/pages/admin/Logs.tsx(131,134): error TS2339: Property 'action' does not exist on type 'AuditLog'.
src/pages/admin/Logs.tsx(135,58): error TS2339: Property 'target_resource' does not exist on type 'AuditLog'.
src/pages/admin/Logs.tsx(135,97): error TS2339: Property 'details' does not exist on type 'AuditLog'.
src/pages/admin/Logs.tsx(139,114): error TS2339: Property 'ip_address' does not exist on type 'AuditLog'.
src/pages/admin/TeacherApprovals.tsx(21,10): error TS2305: Module '"@/types/database"' has no exported member 'TeacherStatus'.
src/pages/Classes.tsx(144,13): error TS2322: Type 'import("C:/Users/FCC/Downloads/warm-web-core-main/warm-web-core-main/src/types/database").Student[]' is not assignable to type 'Student[]'.
  Type 'import("C:/Users/FCC/Downloads/warm-web-core-main/warm-web-core-main/src/types/database").Student' is not assignable to type 'Student'.
    Types of property 'full_name' are incompatible.
      Type 'string | null' is not assignable to type 'string'.
        Type 'null' is not assignable to type 'string'.
src/pages/ClassRoom.tsx(51,44): error TS2339: Property 'description' does not exist on type '{ actual_end_time: string | null; actual_start_time: string | null; call_room_id: string | null; call_room_url: string | null; created_at: string; duration_minutes: number | null; ... 12 more ...; student: { ...; }; }'.
src/pages/Complaints.tsx(37,39): error TS2345: Argument of type '{ subject: string; description: string; attachments: never[]; }' is not assignable to parameter of type '{ subject: string; description: string; category: string; attachments?: string[] | undefined; }'.
  Property 'category' is missing in type '{ subject: string; description: string; attachments: never[]; }' but required in type '{ subject: string; description: string; category: string; attachments?: string[] | undefined; }'.
src/pages/Dashboard.tsx(24,15): error TS2305: Module '"@/types/database"' has no exported member 'DashboardStats'.
src/pages/Dashboard.tsx(94,70): error TS18047: 'curr.duration_minutes' is possibly 'null'.
src/pages/Dashboard.tsx(455,76): error TS2322: Type 'string | null' is not assignable to type 'string | undefined'.
  Type 'null' is not assignable to type 'string | undefined'.
src/pages/Dashboard.tsx(545,70): error TS2322: Type 'string | null' is not assignable to type 'string | undefined'.
  Type 'null' is not assignable to type 'string | undefined'.
src/pages/FindStudents.tsx(96,19): error TS2345: Argument of type '{ avatar_url: string | null; country: string | null; course_level: string | null; current_juzz: number | null; current_surah: string | null; full_name: string | null; id: string | null; language_pref: string | null; status: string | null; teacher_id: string | null; }[]' is not assignable to parameter of type 'SetStateAction<StudentPublic[]>'.
  Type '{ avatar_url: string | null; country: string | null; course_level: string | null; current_juzz: number | null; current_surah: string | null; full_name: string | null; id: string | null; language_pref: string | null; status: string | null; teacher_id: string | null; }[]' is not assignable to type 'StudentPublic[]'.
    Type '{ avatar_url: string | null; country: string | null; course_level: string | null; current_juzz: number | null; current_surah: string | null; full_name: string | null; id: string | null; language_pref: string | null; status: string | null; teacher_id: string | null; }' is not assignable to type 'StudentPublic'.
      Types of property 'id' are incompatible.
        Type 'string | null' is not assignable to type 'string'.
          Type 'null' is not assignable to type 'string'.
src/pages/Reminders.tsx(155,9): error TS2322: Type '{ id: string; full_name: string | null; }[]' is not assignable to type '{ id: string; full_name: string; }[]'.
  Type '{ id: string; full_name: string | null; }' is not assignable to type '{ id: string; full_name: string; }'.
    Types of property 'full_name' are incompatible.
      Type 'string | null' is not assignable to type 'string'.
        Type 'null' is not assignable to type 'string'.
src/pages/Rules.tsx(151,33): error TS2339: Property 'pdf_url' does not exist on type 'RulesDocument'.
src/pages/Rules.tsx(157,45): error TS2339: Property 'pdf_url' does not exist on type 'RulesDocument'.
src/pages/student/MyTeacher.tsx(72,100): error TS2322: Type 'string | null | undefined' is not assignable to type 'string | undefined'.
  Type 'null' is not assignable to type 'string | undefined'.
src/pages/student/Requests.tsx(177,76): error TS2322: Type 'string | null' is not assignable to type 'string | undefined'.
  Type 'null' is not assignable to type 'string | undefined'.
src/pages/student/Requests.tsx(272,76): error TS2322: Type 'string | null' is not assignable to type 'string | undefined'.
  Type 'null' is not assignable to type 'string | undefined'.
src/pages/student/StudentDashboard.tsx(71,74): error TS18047: 'curr.duration_minutes' is possibly 'null'.
src/pages/StudentProfile.tsx(199,20): error TS18047: 'student.full_name' is possibly 'null'.
src/pages/StudentProfile.tsx(224,62): error TS2322: Type 'string | null' is not assignable to type 'string | undefined'.
  Type 'null' is not assignable to type 'string | undefined'.
src/pages/StudentProfile.tsx(363,29): error TS2339: Property 'notes' does not exist on type '{ ayah_from: number | null; ayah_to: number | null; class_id: string | null; comments: string | null; course_level: string | null; created_at: string; ethics: string | null; fundamental_islam: string | null; ... 18 more ...; updated_at: string; }'.
src/pages/StudentProfile.tsx(365,33): error TS2339: Property 'notes' does not exist on type '{ ayah_from: number | null; ayah_to: number | null; class_id: string | null; comments: string | null; course_level: string | null; created_at: string; ethics: string | null; fundamental_islam: string | null; ... 18 more ...; updated_at: string; }'.
src/pages/StudentProfile.tsx(397,88): error TS2769: No overload matches this call.
  Overload 1 of 4, '(value: string | number | Date): Date', gave the following error.
    Argument of type 'string | null' is not assignable to parameter of type 'string | number | Date'.
      Type 'null' is not assignable to type 'string | number | Date'.
  Overload 2 of 4, '(value: string | number): Date', gave the following error.
    Argument of type 'string | null' is not assignable to parameter of type 'string | number'.
      Type 'null' is not assignable to type 'string | number'.
src/pages/Students.tsx(32,9): error TS18047: 'student.full_name' is possibly 'null'.
src/pages/Students.tsx(44,18): error TS18047: 'a.full_name' is possibly 'null'.
src/pages/Students.tsx(44,44): error TS2769: No overload matches this call.
  Overload 1 of 3, '(that: string, locales?: LocalesArgument, options?: CollatorOptions | undefined): number', gave the following error.
    Argument of type 'string | null' is not assignable to parameter of type 'string'.
      Type 'null' is not assignable to type 'string'.
  Overload 2 of 3, '(that: string, locales?: string | string[] | undefined, options?: CollatorOptions | undefined): number', gave the following error.
    Argument of type 'string | null' is not assignable to parameter of type 'string'.
      Type 'null' is not assignable to type 'string'.
  Overload 3 of 3, '(that: string): number', gave the following error.
    Argument of type 'string | null' is not assignable to parameter of type 'string'.
      Type 'null' is not assignable to type 'string'.
src/pages/Students.tsx(46,18): error TS18047: 'b.full_name' is possibly 'null'.
src/pages/Students.tsx(46,44): error TS2769: No overload matches this call.
  Overload 1 of 3, '(that: string, locales?: LocalesArgument, options?: CollatorOptions | undefined): number', gave the following error.
    Argument of type 'string | null' is not assignable to parameter of type 'string'.
      Type 'null' is not assignable to type 'string'.
  Overload 2 of 3, '(that: string, locales?: string | string[] | undefined, options?: CollatorOptions | undefined): number', gave the following error.
    Argument of type 'string | null' is not assignable to parameter of type 'string'.
      Type 'null' is not assignable to type 'string'.
  Overload 3 of 3, '(that: string): number', gave the following error.
    Argument of type 'string | null' is not assignable to parameter of type 'string'.
      Type 'null' is not assignable to type 'string'.
src/services/auth.service.ts(20,33): error TS2769: No overload matches this call.
  Overload 1 of 2, '(relation: "profiles" | "ayahs" | "announcements" | "classes" | "students" | "teachers" | "surahs" | "exams" | "exam_grading" | "salary_records" | "lessons" | "exam_requests" | "payment_plans" | ... 44 more ... | "verse_metadata"): PostgrestQueryBuilder<...>', gave the following error.
    Argument of type '"auth_activity_logs"' is not assignable to parameter of type '"profiles" | "ayahs" | "announcements" | "classes" | "students" | "teachers" | "surahs" | "exams" | "exam_grading" | "salary_records" | "lessons" | "exam_requests" | "payment_plans" | ... 44 more ... | "verse_metadata"'.
  Overload 2 of 2, '(relation: "students_public" | "teachers_public" | "admin_dashboard_stats" | "v_my_admin_roles"): PostgrestQueryBuilder<{ PostgrestVersion: "14.1"; }, { Tables: { achievements: { Row: { created_at: string | null; ... 5 more ...; title: string; }; Insert: { ...; }; Update: { ...; }; Relationships: []; }; ... 56 more ...; verse_metadata: { ...; }; }; Views: { ...; }; Functions: { ...; }; Enums: { ...; }; CompositeTypes: {}; }, { ...; } | ... 2 more ... | { ...; }, "students_public" | ... 2 more ... | "v_my_admin_roles", [] | [...]>', gave the following error.
    Argument of type '"auth_activity_logs"' is not assignable to parameter of type '"students_public" | "teachers_public" | "admin_dashboard_stats" | "v_my_admin_roles"'.
